------------------------------------------------------------
Timing Analyzer Summary
------------------------------------------------------------

Type  : Slow 1100mV 85C Model Setup 'KEY[0]'
Slack : -0.159
TNS   : -0.839

Type  : Slow 1100mV 85C Model Hold 'KEY[0]'
Slack : 0.353
TNS   : 0.000

Type  : Slow 1100mV 85C Model Minimum Pulse Width 'KEY[0]'
Slack : -0.394
TNS   : -5.680

Type  : Slow 1100mV 0C Model Setup 'KEY[0]'
Slack : -0.167
TNS   : -0.667

Type  : Slow 1100mV 0C Model Hold 'KEY[0]'
Slack : 0.339
TNS   : 0.000

Type  : Slow 1100mV 0C Model Minimum Pulse Width 'KEY[0]'
Slack : -0.394
TNS   : -5.200

Type  : Fast 1100mV 85C Model Setup 'KEY[0]'
Slack : 0.264
TNS   : 0.000

Type  : Fast 1100mV 85C Model Hold 'KEY[0]'
Slack : 0.194
TNS   : 0.000

Type  : Fast 1100mV 85C Model Minimum Pulse Width 'KEY[0]'
Slack : -0.344
TNS   : -2.949

Type  : Fast 1100mV 0C Model Setup 'KEY[0]'
Slack : 0.318
TNS   : 0.000

Type  : Fast 1100mV 0C Model Hold 'KEY[0]'
Slack : 0.178
TNS   : 0.000

Type  : Fast 1100mV 0C Model Minimum Pulse Width 'KEY[0]'
Slack : -0.323
TNS   : -2.762

------------------------------------------------------------
